This is pdfTeX, Version 3.14159265-2.6-1.40.20 (TeX Live 2019/Debian) (preloaded format=pdflatex 2024.3.14)  18 MAY 2026 11:33
entering extended mode
 restricted \write18 enabled.
 file:line:error style messages enabled.
 %&-line parsing enabled.
**/home/isacco/DELIVERABLE/NOTES/DELIVERABLE_1/main.tex
(/home/isacco/DELIVERABLE/NOTES/DELIVERABLE_1/main.tex
LaTeX2e <2020-02-02> patch level 2
L3 programming layer <2020-02-14> (/usr/share/texlive/texmf-dist/tex/latex/base/article.cls
Document Class: article 2019/12/20 v1.4l Standard LaTeX document class
(/usr/share/texlive/texmf-dist/tex/latex/base/size12.clo
File: size12.clo 2019/12/20 v1.4l Standard LaTeX file (size option)
)
\c@part=\count167
\c@section=\count168
\c@subsection=\count169
\c@subsubsection=\count170
\c@paragraph=\count171
\c@subparagraph=\count172
\c@figure=\count173
\c@table=\count174
\abovecaptionskip=\skip47
\belowcaptionskip=\skip48
\bibindent=\dimen134
) (/home/isacco/DELIVERABLE/NOTES/DELIVERABLE_1/packages.tex (/usr/share/texlive/texmf-dist/tex/latex/caption/caption.sty
Package: caption 2020/01/03 v3.4h Customizing captions (AR)
 (/usr/share/texlive/texmf-dist/tex/latex/caption/caption3.sty
Package: caption3 2020/01/03 v1.8h caption3 kernel (AR)
Package caption3 Info: TeX engine: e-TeX on input line 61.
 (/usr/share/texlive/texmf-dist/tex/latex/graphics/keyval.sty
Package: keyval 2014/10/28 v1.15 key=value parser (DPC)
\KV@toks@=\toks14
)
\captionmargin=\dimen135
\captionmargin@=\dimen136
\captionwidth=\dimen137
\caption@tempdima=\dimen138
\caption@indent=\dimen139
\caption@parindent=\dimen140
\caption@hangindent=\dimen141
Package caption Info: Standard document class detected.
)
\c@caption@flags=\count175
\c@continuedfloat=\count176
) (/usr/share/texlive/texmf-dist/tex/latex/booktabs/booktabs.sty
Package: booktabs 2020/01/12 v1.61803398 Publication quality tables
\heavyrulewidth=\dimen142
\lightrulewidth=\dimen143
\cmidrulewidth=\dimen144
\belowrulesep=\dimen145
\belowbottomsep=\dimen146
\aboverulesep=\dimen147
\abovetopsep=\dimen148
\cmidrulesep=\dimen149
\cmidrulekern=\dimen150
\defaultaddspace=\dimen151
\@cmidla=\count177
\@cmidlb=\count178
\@aboverulesep=\dimen152
\@belowrulesep=\dimen153
\@thisruleclass=\count179
\@lastruleclass=\count180
\@thisrulewidth=\dimen154
) (/usr/share/texlive/texmf-dist/tex/latex/base/inputenc.sty
Package: inputenc 2018/08/11 v1.3c Input encoding file
\inpenc@prehook=\toks15
\inpenc@posthook=\toks16
) (/usr/share/texlive/texmf-dist/tex/latex/base/fontenc.sty
Package: fontenc 2020/02/11 v2.0o Standard LaTeX package
) (/usr/share/texlive/texmf-dist/tex/latex/psnfss/helvet.sty
Package: helvet 2005/04/12 PSNFSS-v9.2a (WaS) 
) (/usr/share/texlive/texmf-dist/tex/latex/comment/comment.sty
\CommentStream=\write3
 Excluding comment 'comment') (/usr/share/texlive/texmf-dist/tex/latex/paralist/paralist.sty
Package: paralist 2017/01/22 v2.7 Extended list environments
\pltopsep=\skip49
\plpartopsep=\skip50
\plitemsep=\skip51
\plparsep=\skip52
\pl@lab=\toks17
) (/usr/share/texlive/texmf-dist/tex/latex/algorithm2e/algorithm2e.sty
Package: algorithm2e 2017/07/18 v5.2 algorithms environments
\c@AlgoLine=\count181
 (/usr/share/texlive/texmf-dist/tex/latex/base/ifthen.sty
Package: ifthen 2014/09/29 v1.1c Standard LaTeX ifthen package (DPC)
)
\algocf@hangindent=\skip53
 (/usr/share/texlive/texmf-dist/tex/latex/ifoddpage/ifoddpage.sty
Package: ifoddpage 2016/04/23 v1.1 Conditionals for odd/even page detection
\c@checkoddpage=\count182
) (/usr/share/texlive/texmf-dist/tex/latex/tools/xspace.sty
Package: xspace 2014/10/28 v1.13 Space after command names (DPC,MH)
) (/usr/share/texlive/texmf-dist/tex/latex/relsize/relsize.sty
Package: relsize 2013/03/29 ver 4.1
)
\skiptotal=\skip54
\skiplinenumber=\skip55
\skiprule=\skip56
\skiphlne=\skip57
\skiptext=\skip58
\skiplength=\skip59
\algomargin=\skip60
\skipalgocfslide=\skip61
\algowidth=\dimen155
\inoutsize=\dimen156
\inoutindent=\dimen157
\interspacetitleruled=\dimen158
\interspacealgoruled=\dimen159
\interspacetitleboxruled=\dimen160
\algocf@ruledwidth=\skip62
\algocf@inoutbox=\box45
\algocf@inputbox=\box46
\AlCapSkip=\skip63
\AlCapHSkip=\skip64
\algoskipindent=\skip65
\algocf@nlbox=\box47
\algocf@hangingbox=\box48
\algocf@untilbox=\box49
\algocf@skipuntil=\skip66
\algocf@capbox=\box50
\algocf@lcaptionbox=\skip67
\algoheightruledefault=\skip68
\algoheightrule=\skip69
\algotitleheightruledefault=\skip70
\algotitleheightrule=\skip71
\c@algocfline=\count183
\c@algocfproc=\count184
\c@algocf=\count185
\algocf@algoframe=\box51
\algocf@algobox=\box52
) (/usr/share/texlive/texmf-dist/tex/latex/hyperref/hyperref.sty
Package: hyperref 2020/01/14 v7.00d Hypertext links for LaTeX
 (/usr/share/texlive/texmf-dist/tex/generic/ltxcmds/ltxcmds.sty
Package: ltxcmds 2019/12/15 v1.24 LaTeX kernel commands for general use (HO)
) (/usr/share/texlive/texmf-dist/tex/generic/iftex/iftex.sty
Package: iftex 2019/11/07 v1.0c TeX engine tests
) (/usr/share/texlive/texmf-dist/tex/latex/pdftexcmds/pdftexcmds.sty
Package: pdftexcmds 2019/11/24 v0.31 Utility functions of pdfTeX for LuaTeX (HO)
 (/usr/share/texlive/texmf-dist/tex/generic/infwarerr/infwarerr.sty
Package: infwarerr 2019/12/03 v1.5 Providing info/warning/error messages (HO)
)
Package pdftexcmds Info: \pdf@primitive is available.
Package pdftexcmds Info: \pdf@ifprimitive is available.
Package pdftexcmds Info: \pdfdraftmode found.
) (/usr/share/texlive/texmf-dist/tex/generic/kvsetkeys/kvsetkeys.sty
Package: kvsetkeys 2019/12/15 v1.18 Key value parser (HO)
) (/usr/share/texlive/texmf-dist/tex/generic/kvdefinekeys/kvdefinekeys.sty
Package: kvdefinekeys 2019-12-19 v1.6 Define keys (HO)
) (/usr/share/texlive/texmf-dist/tex/generic/pdfescape/pdfescape.sty
Package: pdfescape 2019/12/09 v1.15 Implements pdfTeX's escape features (HO)
) (/usr/share/texlive/texmf-dist/tex/latex/hycolor/hycolor.sty
Package: hycolor 2020-01-27 v1.10 Color options for hyperref/bookmark (HO)
) (/usr/share/texlive/texmf-dist/tex/latex/letltxmacro/letltxmacro.sty
Package: letltxmacro 2019/12/03 v1.6 Let assignment for LaTeX macros (HO)
) (/usr/share/texlive/texmf-dist/tex/latex/auxhook/auxhook.sty
Package: auxhook 2019-12-17 v1.6 Hooks for auxiliary files (HO)
) (/usr/share/texlive/texmf-dist/tex/latex/kvoptions/kvoptions.sty
Package: kvoptions 2019/11/29 v3.13 Key value format for package options (HO)
)
\@linkdim=\dimen161
\Hy@linkcounter=\count186
\Hy@pagecounter=\count187
 (/usr/share/texlive/texmf-dist/tex/latex/hyperref/pd1enc.def
File: pd1enc.def 2020/01/14 v7.00d Hyperref: PDFDocEncoding definition (HO)
Now handling font encoding PD1 ...
... no UTF-8 mapping file for font encoding PD1
) (/usr/share/texlive/texmf-dist/tex/generic/intcalc/intcalc.sty
Package: intcalc 2019/12/15 v1.3 Expandable calculations with integers (HO)
) (/usr/share/texlive/texmf-dist/tex/generic/etexcmds/etexcmds.sty
Package: etexcmds 2019/12/15 v1.7 Avoid name clashes with e-TeX commands (HO)
)
\Hy@SavedSpaceFactor=\count188
\pdfmajorversion=\count189
Package hyperref Info: Hyper figures OFF on input line 4547.
Package hyperref Info: Link nesting OFF on input line 4552.
Package hyperref Info: Hyper index ON on input line 4555.
Package hyperref Info: Plain pages OFF on input line 4562.
Package hyperref Info: Backreferencing OFF on input line 4567.
Package hyperref Info: Implicit mode ON; LaTeX internals redefined.
Package hyperref Info: Bookmarks ON on input line 4800.
\c@Hy@tempcnt=\count190
 (/usr/share/texlive/texmf-dist/tex/latex/url/url.sty
\Urlmuskip=\muskip16
Package: url 2013/09/16  ver 3.4  Verb mode for urls, etc.
)
LaTeX Info: Redefining \url on input line 5159.
\XeTeXLinkMargin=\dimen162
 (/usr/share/texlive/texmf-dist/tex/generic/bitset/bitset.sty
Package: bitset 2019/12/09 v1.3 Handle bit-vector datatype (HO)
 (/usr/share/texlive/texmf-dist/tex/generic/bigintcalc/bigintcalc.sty
Package: bigintcalc 2019/12/15 v1.5 Expandable calculations on big integers (HO)
))
\Fld@menulength=\count191
\Field@Width=\dimen163
\Fld@charsize=\dimen164
Package hyperref Info: Hyper figures OFF on input line 6430.
Package hyperref Info: Link nesting OFF on input line 6435.
Package hyperref Info: Hyper index ON on input line 6438.
Package hyperref Info: backreferencing OFF on input line 6445.
Package hyperref Info: Link coloring OFF on input line 6450.
Package hyperref Info: Link coloring with OCG OFF on input line 6455.
Package hyperref Info: PDF/A mode OFF on input line 6460.
LaTeX Info: Redefining \ref on input line 6500.
LaTeX Info: Redefining \pageref on input line 6504.
 (/usr/share/texlive/texmf-dist/tex/generic/atbegshi/atbegshi.sty
Package: atbegshi 2019/12/05 v1.19 At begin shipout hook (HO)
)
\Hy@abspage=\count192
\c@Item=\count193
\c@Hfootnote=\count194
)
Package hyperref Info: Driver (autodetected): hpdftex.
 (/usr/share/texlive/texmf-dist/tex/latex/hyperref/hpdftex.def
File: hpdftex.def 2020/01/14 v7.00d Hyperref driver for pdfTeX
 (/usr/share/texlive/texmf-dist/tex/latex/atveryend/atveryend.sty
Package: atveryend 2019-12-11 v1.11 Hooks at the very end of document (HO)
Package atveryend Info: \enddocument detected (standard20110627).
)
\Fld@listcount=\count195
\c@bookmark@seq@number=\count196
 (/usr/share/texlive/texmf-dist/tex/latex/rerunfilecheck/rerunfilecheck.sty
Package: rerunfilecheck 2019/12/05 v1.9 Rerun checks for auxiliary files (HO)
 (/usr/share/texlive/texmf-dist/tex/generic/uniquecounter/uniquecounter.sty
Package: uniquecounter 2019/12/15 v1.4 Provide unlimited unique counter (HO)
)
Package uniquecounter Info: New unique counter `rerunfilecheck' on input line 286.
)
\Hy@SectionHShift=\skip72
) (/usr/share/texlive/texmf-dist/tex/latex/parskip/parskip.sty
Package: parskip 2020-01-22 v2.0d non-zero parskip adjustments
 (/usr/share/texlive/texmf-dist/tex/latex/etoolbox/etoolbox.sty
Package: etoolbox 2019/09/21 v2.5h e-TeX tools for LaTeX (JAW)
\etb@tempcnta=\count197
)) (/usr/share/texlive/texmf-dist/tex/latex/lastpage/lastpage.sty
Package: lastpage 2015/03/29 v1.2m Refers to last page's name (HMM; JPG)
) (/usr/share/texlive/texmf-dist/tex/latex/listings/listings.sty
\lst@mode=\count198
\lst@gtempboxa=\box53
\lst@token=\toks18
\lst@length=\count199
\lst@currlwidth=\dimen165
\lst@column=\count266
\lst@pos=\count267
\lst@lostspace=\dimen166
\lst@width=\dimen167
\lst@newlines=\count268
\lst@lineno=\count269
\lst@maxwidth=\dimen168
 (/usr/share/texlive/texmf-dist/tex/latex/listings/lstmisc.sty
File: lstmisc.sty 2019/09/10 1.8c (Carsten Heinz)
\c@lstnumber=\count270
\lst@skipnumbers=\count271
\lst@framebox=\box54
) (/usr/share/texlive/texmf-dist/tex/latex/listings/listings.cfg
File: listings.cfg 2019/09/10 1.8c listings configuration
))
Package: listings 2019/09/10 1.8c (Carsten Heinz)
 (/usr/share/texlive/texmf-dist/tex/latex/amsmath/amsmath.sty
Package: amsmath 2020/01/20 v2.17e AMS math features
\@mathmargin=\skip73

For additional information on amsmath, use the `?' option.
(/usr/share/texlive/texmf-dist/tex/latex/amsmath/amstext.sty
Package: amstext 2000/06/29 v2.01 AMS text
 (/usr/share/texlive/texmf-dist/tex/latex/amsmath/amsgen.sty
File: amsgen.sty 1999/11/30 v2.0 generic functions
\@emptytoks=\toks19
\ex@=\dimen169
)) (/usr/share/texlive/texmf-dist/tex/latex/amsmath/amsbsy.sty
Package: amsbsy 1999/11/29 v1.2d Bold Symbols
\pmbraise@=\dimen170
) (/usr/share/texlive/texmf-dist/tex/latex/amsmath/amsopn.sty
Package: amsopn 2016/03/08 v2.02 operator names
)
\inf@bad=\count272
LaTeX Info: Redefining \frac on input line 227.
\uproot@=\count273
\leftroot@=\count274
LaTeX Info: Redefining \overline on input line 389.
\classnum@=\count275
\DOTSCASE@=\count276
LaTeX Info: Redefining \ldots on input line 486.
LaTeX Info: Redefining \dots on input line 489.
LaTeX Info: Redefining \cdots on input line 610.
\Mathstrutbox@=\box55
\strutbox@=\box56
\big@size=\dimen171
LaTeX Font Info:    Redeclaring font encoding OML on input line 733.
LaTeX Font Info:    Redeclaring font encoding OMS on input line 734.
\macc@depth=\count277
\c@MaxMatrixCols=\count278
\dotsspace@=\muskip17
\c@parentequation=\count279
\dspbrk@lvl=\count280
\tag@help=\toks20
\row@=\count281
\column@=\count282
\maxfields@=\count283
\andhelp@=\toks21
\eqnshift@=\dimen172
\alignsep@=\dimen173
\tagshift@=\dimen174
\tagwidth@=\dimen175
\totwidth@=\dimen176
\lineht@=\dimen177
\@envbody=\toks22
\multlinegap=\skip74
\multlinetaggap=\skip75
\mathdisplay@stack=\toks23
LaTeX Info: Redefining \[ on input line 2859.
LaTeX Info: Redefining \] on input line 2860.
) (/usr/share/texlive/texmf-dist/tex/latex/amsfonts/amssymb.sty
Package: amssymb 2013/01/14 v3.01 AMS font symbols
 (/usr/share/texlive/texmf-dist/tex/latex/amsfonts/amsfonts.sty
Package: amsfonts 2013/01/14 v3.01 Basic AMSFonts support
\symAMSa=\mathgroup4
\symAMSb=\mathgroup5
LaTeX Font Info:    Redeclaring math symbol \hbar on input line 98.
LaTeX Font Info:    Overwriting math alphabet `\mathfrak' in version `bold'
(Font)                  U/euf/m/n --> U/euf/b/n on input line 106.
)) (/usr/share/texlive/texmf-dist/tex/latex/tools/tabularx.sty
Package: tabularx 2020/01/15 v2.11c `tabularx' package (DPC)
 (/usr/share/texlive/texmf-dist/tex/latex/tools/array.sty
Package: array 2019/08/31 v2.4l Tabular extension package (FMi)
\col@sep=\dimen178
\ar@mcellbox=\box57
\extrarowheight=\dimen179
\NC@list=\toks24
\extratabsurround=\skip76
\backup@length=\skip77
\ar@cellbox=\box58
)
\TX@col@width=\dimen180
\TX@old@table=\dimen181
\TX@old@col=\dimen182
\TX@target=\dimen183
\TX@delta=\dimen184
\TX@cols=\count284
\TX@ftn=\toks25
) (/usr/share/texlive/texmf-dist/tex/latex/cellspace/cellspace.sty
Package: cellspace 2019/03/11 v1.8.1 Spacing table cells (JN)
 (/usr/share/texlive/texmf-dist/tex/latex/tools/calc.sty
Package: calc 2017/05/25 v4.3 Infix arithmetic (KKT,FJ)
\calc@Acount=\count285
\calc@Bcount=\count286
\calc@Adimen=\dimen185
\calc@Bdimen=\dimen186
\calc@Askip=\skip78
\calc@Bskip=\skip79
LaTeX Info: Redefining \setlength on input line 80.
LaTeX Info: Redefining \addtolength on input line 81.
\calc@Ccount=\count287
\calc@Cskip=\skip80
) (/usr/share/texlive/texmf-dist/tex/latex/xkeyval/xkeyval.sty
Package: xkeyval 2014/12/03 v2.7a package option processing (HA)
 (/usr/share/texlive/texmf-dist/tex/generic/xkeyval/xkeyval.tex (/usr/share/texlive/texmf-dist/tex/generic/xkeyval/xkvutils.tex
\XKV@toks=\toks26
\XKV@tempa@toks=\toks27
)
\XKV@depth=\count288
File: xkeyval.tex 2014/12/03 v2.7a key=value parser (HA)
))
\cellspacetoplimit=\dimen187
\cellspacebottomlimit=\dimen188
\cellspace@firstht=\dimen189
\cellspace@lastdp=\dimen190
) (/usr/share/texlive/texmf-dist/tex/latex/adjustbox/adjustbox.sty
Package: adjustbox 2019/01/04 v1.2 Adjusting TeX boxes (trim, clip, ...)
 (/usr/share/texlive/texmf-dist/tex/latex/adjustbox/adjcalc.sty
Package: adjcalc 2012/05/16 v1.1 Provides advanced setlength with multiple back-ends (calc, etex, pgfmath)
) (/usr/share/texlive/texmf-dist/tex/latex/adjustbox/trimclip.sty
Package: trimclip 2018/04/08 v1.1 Trim and clip general TeX material
 (/usr/share/texlive/texmf-dist/tex/latex/graphics/graphicx.sty
Package: graphicx 2019/11/30 v1.2a Enhanced LaTeX Graphics (DPC,SPQR)
 (/usr/share/texlive/texmf-dist/tex/latex/graphics/graphics.sty
Package: graphics 2019/11/30 v1.4a Standard LaTeX Graphics (DPC,SPQR)
 (/usr/share/texlive/texmf-dist/tex/latex/graphics/trig.sty
Package: trig 2016/01/03 v1.10 sin cos tan (DPC)
) (/usr/share/texlive/texmf-dist/tex/latex/graphics-cfg/graphics.cfg
File: graphics.cfg 2016/06/04 v1.11 sample graphics configuration
)
Package graphics Info: Driver file: pdftex.def on input line 105.
 (/usr/share/texlive/texmf-dist/tex/latex/graphics-def/pdftex.def
File: pdftex.def 2018/01/08 v1.0l Graphics/color driver for pdftex
))
\Gin@req@height=\dimen191
\Gin@req@width=\dimen192
) (/usr/share/texlive/texmf-dist/tex/latex/collectbox/collectbox.sty
Package: collectbox 2012/05/17 v0.4b Collect macro arguments as boxes
\collectedbox=\box59
)
\tc@llx=\dimen193
\tc@lly=\dimen194
\tc@urx=\dimen195
\tc@ury=\dimen196
Package trimclip Info: Using driver 'tc-pdftex.def'.
 (/usr/share/texlive/texmf-dist/tex/latex/adjustbox/tc-pdftex.def
File: tc-pdftex.def 2019/01/04 v2.2 Clipping driver for pdftex
))
\adjbox@Width=\dimen197
\adjbox@Height=\dimen198
\adjbox@Depth=\dimen199
\adjbox@Totalheight=\dimen256
\adjbox@pwidth=\dimen257
\adjbox@pheight=\dimen258
\adjbox@pdepth=\dimen259
\adjbox@ptotalheight=\dimen260
 (/usr/share/texlive/texmf-dist/tex/latex/varwidth/varwidth.sty
Package: varwidth 2009/03/30 ver 0.92;  Variable-width minipages
\@vwid@box=\box60
\sift@deathcycles=\count289
\@vwid@loff=\dimen261
\@vwid@roff=\dimen262
)) (/usr/share/texlive/texmf-dist/tex/latex/amscls/amsthm.sty
Package: amsthm 2017/10/31 v2.20.4
\thm@style=\toks28
\thm@bodyfont=\toks29
\thm@headfont=\toks30
\thm@notefont=\toks31
\thm@headpunct=\toks32
\thm@preskip=\skip81
\thm@postskip=\skip82
\thm@headsep=\skip83
\dth@everypar=\toks33
) (/usr/share/texlive/texmf-dist/tex/latex/placeins/placeins.sty
Package: placeins 2005/04/18  v 2.2
) (/usr/share/texlive/texmf-dist/tex/latex/caption/subcaption.sty
Package: subcaption 2020/01/22 v1.3d Sub-captions (AR)
\c@subfigure=\count290
\c@subtable=\count291
) (/usr/share/texlive/texmf-dist/tex/latex/tools/verbatim.sty
Package: verbatim 2019/11/10 v1.5r LaTeX2e package for verbatim enhancements
\every@verbatim=\toks34
\verbatim@line=\toks35
\verbatim@in@stream=\read2
) (/usr/share/texlive/texmf-dist/tex/latex/enumitem/enumitem.sty
Package: enumitem 2019/06/20 v3.9 Customized lists
\labelindent=\skip84
\enit@outerparindent=\dimen263
\enit@toks=\toks36
\enit@inbox=\box61
\enit@count@id=\count292
\enitdp@description=\count293
) (/usr/share/texlive/texmf-dist/tex/latex/bbm-macros/bbm.sty
Package: bbm 1999/03/15 V 1.2 provides fonts for set symbols - TH
LaTeX Font Info:    Overwriting math alphabet `\mathbbm' in version `bold'
(Font)                  U/bbm/m/n --> U/bbm/bx/n on input line 33.
LaTeX Font Info:    Overwriting math alphabet `\mathbbmss' in version `bold'
(Font)                  U/bbmss/m/n --> U/bbmss/bx/n on input line 35.
) (/usr/share/texlive/texmf-dist/tex/latex/pgf/frontendlayer/tikz.sty (/usr/share/texlive/texmf-dist/tex/latex/pgf/basiclayer/pgf.sty (/usr/share/texlive/texmf-dist/tex/latex/pgf/utilities/pgfrcs.sty (/usr/share/texlive/texmf-dist/tex/generic/pgf/utilities/pgfutil-common.tex
\pgfutil@everybye=\toks37
\pgfutil@tempdima=\dimen264
\pgfutil@tempdimb=\dimen265
 (/usr/share/texlive/texmf-dist/tex/generic/pgf/utilities/pgfutil-common-lists.tex)) (/usr/share/texlive/texmf-dist/tex/generic/pgf/utilities/pgfutil-latex.def
\pgfutil@abb=\box62
 (/usr/share/texlive/texmf-dist/tex/latex/ms/everyshi.sty
Package: everyshi 2001/05/15 v3.00 EveryShipout Package (MS)
)) (/usr/share/texlive/texmf-dist/tex/generic/pgf/utilities/pgfrcs.code.tex (/usr/share/texlive/texmf-dist/tex/generic/pgf/pgf.revision.tex)
Package: pgfrcs 2020/01/08 v3.1.5b (3.1.5b)
))
Package: pgf 2020/01/08 v3.1.5b (3.1.5b)
 (/usr/share/texlive/texmf-dist/tex/latex/pgf/basiclayer/pgfcore.sty (/usr/share/texlive/texmf-dist/tex/latex/pgf/systemlayer/pgfsys.sty (/usr/share/texlive/texmf-dist/tex/generic/pgf/systemlayer/pgfsys.code.tex
Package: pgfsys 2020/01/08 v3.1.5b (3.1.5b)
 (/usr/share/texlive/texmf-dist/tex/generic/pgf/utilities/pgfkeys.code.tex
\pgfkeys@pathtoks=\toks38
\pgfkeys@temptoks=\toks39
 (/usr/share/texlive/texmf-dist/tex/generic/pgf/utilities/pgfkeysfiltered.code.tex
\pgfkeys@tmptoks=\toks40
))
\pgf@x=\dimen266
\pgf@y=\dimen267
\pgf@xa=\dimen268
\pgf@ya=\dimen269
\pgf@xb=\dimen270
\pgf@yb=\dimen271
\pgf@xc=\dimen272
\pgf@yc=\dimen273
\pgf@xd=\dimen274
\pgf@yd=\dimen275
\w@pgf@writea=\write4
\r@pgf@reada=\read3
\c@pgf@counta=\count294
\c@pgf@countb=\count295
\c@pgf@countc=\count296
\c@pgf@countd=\count297
\t@pgf@toka=\toks41
\t@pgf@tokb=\toks42
\t@pgf@tokc=\toks43
\pgf@sys@id@count=\count298
 (/usr/share/texlive/texmf-dist/tex/generic/pgf/systemlayer/pgf.cfg
File: pgf.cfg 2020/01/08 v3.1.5b (3.1.5b)
)
Driver file for pgf: pgfsys-pdftex.def
 (/usr/share/texlive/texmf-dist/tex/generic/pgf/systemlayer/pgfsys-pdftex.def
File: pgfsys-pdftex.def 2020/01/08 v3.1.5b (3.1.5b)
 (/usr/share/texlive/texmf-dist/tex/generic/pgf/systemlayer/pgfsys-common-pdf.def
File: pgfsys-common-pdf.def 2020/01/08 v3.1.5b (3.1.5b)
))) (/usr/share/texlive/texmf-dist/tex/generic/pgf/systemlayer/pgfsyssoftpath.code.tex
File: pgfsyssoftpath.code.tex 2020/01/08 v3.1.5b (3.1.5b)
\pgfsyssoftpath@smallbuffer@items=\count299
\pgfsyssoftpath@bigbuffer@items=\count300
) (/usr/share/texlive/texmf-dist/tex/generic/pgf/systemlayer/pgfsysprotocol.code.tex
File: pgfsysprotocol.code.tex 2020/01/08 v3.1.5b (3.1.5b)
)) (/usr/share/texlive/texmf-dist/tex/latex/xcolor/xcolor.sty
Package: xcolor 2016/05/11 v2.12 LaTeX color extensions (UK)
 (/usr/share/texlive/texmf-dist/tex/latex/graphics-cfg/color.cfg
File: color.cfg 2016/01/02 v1.6 sample color configuration
)
Package xcolor Info: Driver file: pdftex.def on input line 225.
 (/usr/share/texlive/texmf-dist/tex/latex/colortbl/colortbl.sty
Package: colortbl 2020/01/04 v1.0e Color table columns (DPC)
\everycr=\toks44
\minrowclearance=\skip85
)
\rownum=\count301
Package xcolor Info: Model `cmy' substituted by `cmy0' on input line 1348.
Package xcolor Info: Model `hsb' substituted by `rgb' on input line 1352.
Package xcolor Info: Model `RGB' extended on input line 1364.
Package xcolor Info: Model `HTML' substituted by `rgb' on input line 1366.
Package xcolor Info: Model `Hsb' substituted by `hsb' on input line 1367.
Package xcolor Info: Model `tHsb' substituted by `hsb' on input line 1368.
Package xcolor Info: Model `HSB' substituted by `hsb' on input line 1369.
Package xcolor Info: Model `Gray' substituted by `gray' on input line 1370.
Package xcolor Info: Model `wave' substituted by `hsb' on input line 1371.
) (/usr/share/texlive/texmf-dist/tex/generic/pgf/basiclayer/pgfcore.code.tex
Package: pgfcore 2020/01/08 v3.1.5b (3.1.5b)
 (/usr/share/texlive/texmf-dist/tex/generic/pgf/math/pgfmath.code.tex (/usr/share/texlive/texmf-dist/tex/generic/pgf/math/pgfmathcalc.code.tex (/usr/share/texlive/texmf-dist/tex/generic/pgf/math/pgfmathutil.code.tex) (/usr/share/texlive/texmf-dist/tex/generic/pgf/math/pgfmathparser.code.tex
\pgfmath@dimen=\dimen276
\pgfmath@count=\count302
\pgfmath@box=\box63
\pgfmath@toks=\toks45
\pgfmath@stack@operand=\toks46
\pgfmath@stack@operation=\toks47
) (/usr/share/texlive/texmf-dist/tex/generic/pgf/math/pgfmathfunctions.code.tex (/usr/share/texlive/texmf-dist/tex/generic/pgf/math/pgfmathfunctions.basic.code.tex) (/usr/share/texlive/texmf-dist/tex/generic/pgf/math/pgfmathfunctions.trigonometric.code.tex) (/usr/share/texlive/texmf-dist/tex/generic/pgf/math/pgfmathfunctions.random.code.tex) (/usr/share/texlive/texmf-dist/tex/generic/pgf/math/pgfmathfunctions.comparison.code.tex) (/usr/share/texlive/texmf-dist/tex/generic/pgf/math/pgfmathfunctions.base.code.tex) (/usr/share/texlive/texmf-dist/tex/generic/pgf/math/pgfmathfunctions.round.code.tex) (/usr/share/texlive/texmf-dist/tex/generic/pgf/math/pgfmathfunctions.misc.code.tex) (/usr/share/texlive/texmf-dist/tex/generic/pgf/math/pgfmathfunctions.integerarithmetics.code.tex))) (/usr/share/texlive/texmf-dist/tex/generic/pgf/math/pgfmathfloat.code.tex
\c@pgfmathroundto@lastzeros=\count303
)) (/usr/share/texlive/texmf-dist/tex/generic/pgf/math/pgfint.code.tex) (/usr/share/texlive/texmf-dist/tex/generic/pgf/basiclayer/pgfcorepoints.code.tex
File: pgfcorepoints.code.tex 2020/01/08 v3.1.5b (3.1.5b)
\pgf@picminx=\dimen277
\pgf@picmaxx=\dimen278
\pgf@picminy=\dimen279
\pgf@picmaxy=\dimen280
\pgf@pathminx=\dimen281
\pgf@pathmaxx=\dimen282
\pgf@pathminy=\dimen283
\pgf@pathmaxy=\dimen284
\pgf@xx=\dimen285
\pgf@xy=\dimen286
\pgf@yx=\dimen287
\pgf@yy=\dimen288
\pgf@zx=\dimen289
\pgf@zy=\dimen290
) (/usr/share/texlive/texmf-dist/tex/generic/pgf/basiclayer/pgfcorepathconstruct.code.tex
File: pgfcorepathconstruct.code.tex 2020/01/08 v3.1.5b (3.1.5b)
\pgf@path@lastx=\dimen291
\pgf@path@lasty=\dimen292
) (/usr/share/texlive/texmf-dist/tex/generic/pgf/basiclayer/pgfcorepathusage.code.tex
File: pgfcorepathusage.code.tex 2020/01/08 v3.1.5b (3.1.5b)
\pgf@shorten@end@additional=\dimen293
\pgf@shorten@start@additional=\dimen294
) (/usr/share/texlive/texmf-dist/tex/generic/pgf/basiclayer/pgfcorescopes.code.tex
File: pgfcorescopes.code.tex 2020/01/08 v3.1.5b (3.1.5b)
\pgfpic=\box64
\pgf@hbox=\box65
\pgf@layerbox@main=\box66
\pgf@picture@serial@count=\count304
) (/usr/share/texlive/texmf-dist/tex/generic/pgf/basiclayer/pgfcoregraphicstate.code.tex
File: pgfcoregraphicstate.code.tex 2020/01/08 v3.1.5b (3.1.5b)
\pgflinewidth=\dimen295
) (/usr/share/texlive/texmf-dist/tex/generic/pgf/basiclayer/pgfcoretransformations.code.tex
File: pgfcoretransformations.code.tex 2020/01/08 v3.1.5b (3.1.5b)
\pgf@pt@x=\dimen296
\pgf@pt@y=\dimen297
\pgf@pt@temp=\dimen298
) (/usr/share/texlive/texmf-dist/tex/generic/pgf/basiclayer/pgfcorequick.code.tex
File: pgfcorequick.code.tex 2020/01/08 v3.1.5b (3.1.5b)
) (/usr/share/texlive/texmf-dist/tex/generic/pgf/basiclayer/pgfcoreobjects.code.tex
File: pgfcoreobjects.code.tex 2020/01/08 v3.1.5b (3.1.5b)
) (/usr/share/texlive/texmf-dist/tex/generic/pgf/basiclayer/pgfcorepathprocessing.code.tex
File: pgfcorepathprocessing.code.tex 2020/01/08 v3.1.5b (3.1.5b)
) (/usr/share/texlive/texmf-dist/tex/generic/pgf/basiclayer/pgfcorearrows.code.tex
File: pgfcorearrows.code.tex 2020/01/08 v3.1.5b (3.1.5b)
\pgfarrowsep=\dimen299
) (/usr/share/texlive/texmf-dist/tex/generic/pgf/basiclayer/pgfcoreshade.code.tex
File: pgfcoreshade.code.tex 2020/01/08 v3.1.5b (3.1.5b)
\pgf@max=\dimen300
\pgf@sys@shading@range@num=\count305
\pgf@shadingcount=\count306
) (/usr/share/texlive/texmf-dist/tex/generic/pgf/basiclayer/pgfcoreimage.code.tex
File: pgfcoreimage.code.tex 2020/01/08 v3.1.5b (3.1.5b)
 (/usr/share/texlive/texmf-dist/tex/generic/pgf/basiclayer/pgfcoreexternal.code.tex
File: pgfcoreexternal.code.tex 2020/01/08 v3.1.5b (3.1.5b)
\pgfexternal@startupbox=\box67
)) (/usr/share/texlive/texmf-dist/tex/generic/pgf/basiclayer/pgfcorelayers.code.tex
File: pgfcorelayers.code.tex 2020/01/08 v3.1.5b (3.1.5b)
) (/usr/share/texlive/texmf-dist/tex/generic/pgf/basiclayer/pgfcoretransparency.code.tex
File: pgfcoretransparency.code.tex 2020/01/08 v3.1.5b (3.1.5b)
) (/usr/share/texlive/texmf-dist/tex/generic/pgf/basiclayer/pgfcorepatterns.code.tex
File: pgfcorepatterns.code.tex 2020/01/08 v3.1.5b (3.1.5b)
) (/usr/share/texlive/texmf-dist/tex/generic/pgf/basiclayer/pgfcorerdf.code.tex
File: pgfcorerdf.code.tex 2020/01/08 v3.1.5b (3.1.5b)
))) (/usr/share/texlive/texmf-dist/tex/generic/pgf/modules/pgfmoduleshapes.code.tex
File: pgfmoduleshapes.code.tex 2020/01/08 v3.1.5b (3.1.5b)
\pgfnodeparttextbox=\box68
) (/usr/share/texlive/texmf-dist/tex/generic/pgf/modules/pgfmoduleplot.code.tex
File: pgfmoduleplot.code.tex 2020/01/08 v3.1.5b (3.1.5b)
) (/usr/share/texlive/texmf-dist/tex/latex/pgf/compatibility/pgfcomp-version-0-65.sty
Package: pgfcomp-version-0-65 2020/01/08 v3.1.5b (3.1.5b)
\pgf@nodesepstart=\dimen301
\pgf@nodesepend=\dimen302
) (/usr/share/texlive/texmf-dist/tex/latex/pgf/compatibility/pgfcomp-version-1-18.sty
Package: pgfcomp-version-1-18 2020/01/08 v3.1.5b (3.1.5b)
)) (/usr/share/texlive/texmf-dist/tex/latex/pgf/utilities/pgffor.sty (/usr/share/texlive/texmf-dist/tex/latex/pgf/utilities/pgfkeys.sty (/usr/share/texlive/texmf-dist/tex/generic/pgf/utilities/pgfkeys.code.tex)) (/usr/share/texlive/texmf-dist/tex/latex/pgf/math/pgfmath.sty (/usr/share/texlive/texmf-dist/tex/generic/pgf/math/pgfmath.code.tex)) (/usr/share/texlive/texmf-dist/tex/generic/pgf/utilities/pgffor.code.tex
Package: pgffor 2020/01/08 v3.1.5b (3.1.5b)
 (/usr/share/texlive/texmf-dist/tex/generic/pgf/math/pgfmath.code.tex)
\pgffor@iter=\dimen303
\pgffor@skip=\dimen304
\pgffor@stack=\toks48
\pgffor@toks=\toks49
)) (/usr/share/texlive/texmf-dist/tex/generic/pgf/frontendlayer/tikz/tikz.code.tex
Package: tikz 2020/01/08 v3.1.5b (3.1.5b)
 (/usr/share/texlive/texmf-dist/tex/generic/pgf/libraries/pgflibraryplothandlers.code.tex
File: pgflibraryplothandlers.code.tex 2020/01/08 v3.1.5b (3.1.5b)
\pgf@plot@mark@count=\count307
\pgfplotmarksize=\dimen305
)
\tikz@lastx=\dimen306
\tikz@lasty=\dimen307
\tikz@lastxsaved=\dimen308
\tikz@lastysaved=\dimen309
\tikz@lastmovetox=\dimen310
\tikz@lastmovetoy=\dimen311
\tikzleveldistance=\dimen312
\tikzsiblingdistance=\dimen313
\tikz@figbox=\box69
\tikz@figbox@bg=\box70
\tikz@tempbox=\box71
\tikz@tempbox@bg=\box72
\tikztreelevel=\count308
\tikznumberofchildren=\count309
\tikznumberofcurrentchild=\count310
\tikz@fig@count=\count311
 (/usr/share/texlive/texmf-dist/tex/generic/pgf/modules/pgfmodulematrix.code.tex
File: pgfmodulematrix.code.tex 2020/01/08 v3.1.5b (3.1.5b)
\pgfmatrixcurrentrow=\count312
\pgfmatrixcurrentcolumn=\count313
\pgf@matrix@numberofcolumns=\count314
)
\tikz@expandcount=\count315
 (/usr/share/texlive/texmf-dist/tex/generic/pgf/frontendlayer/tikz/libraries/tikzlibrarytopaths.code.tex
File: tikzlibrarytopaths.code.tex 2020/01/08 v3.1.5b (3.1.5b)
))) (/usr/share/texlive/texmf-dist/tex/latex/cite/cite.sty
LaTeX Info: Redefining \cite on input line 302.
LaTeX Info: Redefining \nocite on input line 332.
Package: cite 2015/02/27  v 5.5
) (/usr/share/texlive/texmf-dist/tex/latex/fancyhdr/fancyhdr.sty
Package: fancyhdr 2019/01/31 v3.10 Extensive control of page headers and footers
\f@nch@headwidth=\skip86
\f@nch@O@elh=\skip87
\f@nch@O@erh=\skip88
\f@nch@O@olh=\skip89
\f@nch@O@orh=\skip90
\f@nch@O@elf=\skip91
\f@nch@O@erf=\skip92
\f@nch@O@olf=\skip93
\f@nch@O@orf=\skip94
) (/usr/share/texlive/texmf-dist/tex/latex/geometry/geometry.sty
Package: geometry 2020/01/02 v5.9 Page Geometry
 (/usr/share/texlive/texmf-dist/tex/generic/iftex/ifvtex.sty
Package: ifvtex 2019/10/25 v1.7 ifvtex legacy package. Use iftex instead.
)
\Gm@cnth=\count316
\Gm@cntv=\count317
\c@Gm@tempcnt=\count318
\Gm@bindingoffset=\dimen314
\Gm@wd@mp=\dimen315
\Gm@odd@mp=\dimen316
\Gm@even@mp=\dimen317
\Gm@layoutwidth=\dimen318
\Gm@layoutheight=\dimen319
\Gm@layouthoffset=\dimen320
\Gm@layoutvoffset=\dimen321
\Gm@dimlist=\toks50
) (/usr/share/texlive/texmf-dist/tex/latex/textpos/textpos.sty
Package: textpos 2019/04/15 v1.9.1

Package: textpos 2019/04/15 1.9.1, absolute positioning of text on the page
\TP@textbox=\box73
\TP@holdbox=\box74
\TPHorizModule=\dimen322
\TPVertModule=\dimen323
\TP@margin=\dimen324
\TP@absmargin=\dimen325
Grid set 16 x 16 = 37.34424pt x 52.81541pt
\TPboxrulesize=\dimen326
\TP@ox=\dimen327
\TP@oy=\dimen328
\TP@tbargs=\toks51
\TP@prevdepth=\dimen329
TextBlockOrigin set to 0pt x 0pt
) (/usr/share/texlive/texmf-dist/tex/latex/titlesec/titlesec.sty
Package: titlesec 2019/10/16 v2.13 Sectioning titles
\ttl@box=\box75
\beforetitleunit=\skip95
\aftertitleunit=\skip96
\ttl@plus=\dimen330
\ttl@minus=\dimen331
\ttl@toksa=\toks52
\titlewidth=\dimen332
\titlewidthlast=\dimen333
\titlewidthfirst=\dimen334
) (/usr/share/texlive/texmf-dist/tex/latex/wallpaper/wallpaper.sty
Package: wallpaper 2005/01/18, v1.01 easy wallpaper formatting (MHFW)
 (/usr/share/texlive/texmf-dist/tex/latex/eso-pic/eso-pic.sty
Package: eso-pic 2018/04/12 v2.0h eso-pic (RN)
)
\wpXoffset=\skip97
\wpYoffset=\skip98
\tileXoffset=\skip99
\tileYoffset=\skip100
\tilewidth=\skip101
\tileheight=\skip102
\tileX=\skip103
\tileY=\skip104
)) (/home/isacco/DELIVERABLE/NOTES/DELIVERABLE_1/inputs.tex
Package hyperref Info: Option `colorlinks' set `true' on input line 89.
) (/home/isacco/DELIVERABLE/NOTES/DELIVERABLE_1/macros.tex)
\c@theorem=\count319
\c@example=\count320
 (/usr/share/texlive/texmf-dist/tex/latex/l3backend/l3backend-pdfmode.def
File: l3backend-pdfmode.def 2020-02-03 L3 backend support: PDF mode
\l__kernel_color_stack_int=\count321
\l__pdf_internal_box=\box76
) (/home/isacco/DELIVERABLE/NOTES/DELIVERABLE_1/main.aux)
\openout1 = `main.aux'.

LaTeX Font Info:    Checking defaults for OML/cmm/m/it on input line 30.
LaTeX Font Info:    ... okay on input line 30.
LaTeX Font Info:    Checking defaults for OMS/cmsy/m/n on input line 30.
LaTeX Font Info:    ... okay on input line 30.
LaTeX Font Info:    Checking defaults for OT1/cmr/m/n on input line 30.
LaTeX Font Info:    ... okay on input line 30.
LaTeX Font Info:    Checking defaults for T1/cmr/m/n on input line 30.
LaTeX Font Info:    ... okay on input line 30.
LaTeX Font Info:    Checking defaults for TS1/cmr/m/n on input line 30.
LaTeX Font Info:    ... okay on input line 30.
LaTeX Font Info:    Checking defaults for OMX/cmex/m/n on input line 30.
LaTeX Font Info:    ... okay on input line 30.
LaTeX Font Info:    Checking defaults for U/cmr/m/n on input line 30.
LaTeX Font Info:    ... okay on input line 30.
LaTeX Font Info:    Checking defaults for PD1/pdf/m/n on input line 30.
LaTeX Font Info:    ... okay on input line 30.
LaTeX Font Info:    Trying to load font information for T1+phv on input line 30.
 (/usr/share/texlive/texmf-dist/tex/latex/psnfss/t1phv.fd
File: t1phv.fd 2001/06/04 scalable font definitions for T1/phv.
)
Package caption Info: Begin \AtBeginDocument code.
Package caption Info: hyperref package is loaded.
Package caption Info: listings package is loaded.
Package caption Info: End \AtBeginDocument code.
\AtBeginShipoutBox=\box77
Package hyperref Info: Link coloring ON on input line 30.
 (/usr/share/texlive/texmf-dist/tex/latex/hyperref/nameref.sty
Package: nameref 2019/09/16 v2.46 Cross-referencing by name of section
 (/usr/share/texlive/texmf-dist/tex/latex/refcount/refcount.sty
Package: refcount 2019/12/15 v3.6 Data extraction from label references (HO)
) (/usr/share/texlive/texmf-dist/tex/generic/gettitlestring/gettitlestring.sty
Package: gettitlestring 2019/12/15 v1.6 Cleanup title references (HO)
)
\c@section@level=\count322
)
LaTeX Info: Redefining \ref on input line 30.
LaTeX Info: Redefining \pageref on input line 30.
LaTeX Info: Redefining \nameref on input line 30.
 (/home/isacco/DELIVERABLE/NOTES/DELIVERABLE_1/main.out) (/home/isacco/DELIVERABLE/NOTES/DELIVERABLE_1/main.out)
\@outlinefile=\write5
\openout5 = `main.out'.

Package lastpage Info: Please have a look at the pageslts package at
(lastpage)             https://www.ctan.org/pkg/pageslts
(lastpage)             ! on input line 30.
\c@lstlisting=\count323
 (/usr/share/texlive/texmf-dist/tex/context/base/mkii/supp-pdf.mkii
[Loading MPS to PDF converter (version 2006.09.02).]
\scratchcounter=\count324
\scratchdimen=\dimen335
\scratchbox=\box78
\nofMPsegments=\count325
\nofMParguments=\count326
\everyMPshowfont=\toks53
\MPscratchCnt=\count327
\MPscratchDim=\dimen336
\MPnumerator=\count328
\makeMPintoPDFobject=\count329
\everyMPtoPDFconversion=\toks54
) (/usr/share/texlive/texmf-dist/tex/latex/epstopdf-pkg/epstopdf-base.sty
Package: epstopdf-base 2020-01-24 v2.11 Base part for package epstopdf
Package epstopdf-base Info: Redefining graphics rule for `.eps' on input line 485.
 (/usr/share/texlive/texmf-dist/tex/latex/latexconfig/epstopdf-sys.cfg
File: epstopdf-sys.cfg 2010/07/13 v1.3 Configuration of (r)epstopdf for TeX Live
)) ABD: EveryShipout initializing macros
*geometry* detected driver: pdftex
*geometry* verbose mode - [ preamble ] result:
* driver: pdftex
* paper: a4paper
* layout: <same size as paper>
* layoutoffset:(h,v)=(0.0pt,0.0pt)
* modes: 
* h-part:(L,W,R)=(71.13188pt, 455.24411pt, 71.13188pt)
* v-part:(T,H,B)=(85.35826pt, 674.33032pt, 85.35826pt)
* \paperwidth=597.50787pt
* \paperheight=845.04684pt
* \textwidth=455.24411pt
* \textheight=674.33032pt
* \oddsidemargin=-1.1381pt
* \evensidemargin=-1.1381pt
* \topmargin=-86.91173pt
* \headheight=75.0pt
* \headsep=25.0pt
* \topskip=12.0pt
* \footskip=35.0pt
* \marginparwidth=35.0pt
* \marginparsep=10.0pt
* \columnsep=10.0pt
* \skip\footins=10.8pt plus 4.0pt minus 2.0pt
* \hoffset=0.0pt
* \voffset=0.0pt
* \mag=1000
* \@twocolumnfalse
* \@twosidefalse
* \@mparswitchfalse
* \@reversemarginfalse
* (1in=72.27pt=25.4mm, 1cm=28.453pt)

(/home/isacco/DELIVERABLE/NOTES/DELIVERABLE_1/FrontPage.tex
<logos/ENCODING_name.png, id=67, 1373.13pt x 347.3778pt>
File: logos/ENCODING_name.png Graphic file (type png)
<use logos/ENCODING_name.png>
Package pdftex.def Info: logos/ENCODING_name.png  used on input line 16.
(pdftex.def)             Requested size: 1373.12666pt x 347.37695pt.

Overfull \hbox (2.52942pt too wide) in paragraph at lines 16--18
[][]  
 []

<logos/EN-Funded-VerticalLogo.png, id=68, 219.219pt x 222.1098pt>
File: logos/EN-Funded-VerticalLogo.png Graphic file (type png)
<use logos/EN-Funded-VerticalLogo.png>
Package pdftex.def Info: logos/EN-Funded-VerticalLogo.png  used on input line 38.
(pdftex.def)             Requested size: 136.57462pt x 138.38448pt.
LaTeX Font Info:    Trying to load font information for U+msa on input line 39.
(/usr/share/texlive/texmf-dist/tex/latex/amsfonts/umsa.fd
File: umsa.fd 2013/01/14 v3.01 AMS symbols A
)
LaTeX Font Info:    Trying to load font information for U+msb on input line 39.
 (/usr/share/texlive/texmf-dist/tex/latex/amsfonts/umsb.fd
File: umsb.fd 2013/01/14 v3.01 AMS symbols B
)
Overfull \hbox (2.54398pt too wide) in paragraph at lines 37--44
[]$[]$ $[]$ 
 []

[1

{/var/lib/texmf/fonts/map/pdftex/updmap/pdftex.map} </home/isacco/DELIVERABLE/NOTES/DELIVERABLE_1/logos/ENCODING_name.png> </home/isacco/DELIVERABLE/NOTES/DELIVERABLE_1/logos/EN-Funded-VerticalLogo.png>]
Overfull \hbox (12.0pt too wide) in alignment at lines 60--60
[][]
 []


Underfull \hbox (badness 1558) in paragraph at lines 85--85
[]|\T1/phv/m/n/12 Report on Pat-tern Iden-ti-fi-ca-tion of Crit-i-cal Com-bus-tion
 []

<logos/ENCODING_icon.png, id=78, 875.9124pt x 916.1427pt>
File: logos/ENCODING_icon.png Graphic file (type png)
<use logos/ENCODING_icon.png>
Package pdftex.def Info: logos/ENCODING_icon.png  used on input line 103.
(pdftex.def)             Requested size: 27.19844pt x 28.45274pt.
[2 </home/isacco/DELIVERABLE/NOTES/DELIVERABLE_1/logos/ENCODING_icon.png>]
Underfull \hbox (badness 10000) in paragraph at lines 112--114

 []


Overfull \hbox (15.67601pt too wide) in paragraph at lines 115--117
[]\T1/phv/b/n/12 Keywords: \T1/phv/m/n/12 Com-bus-tion, DNS, NH$[]$/H$[]$, Dy-namic Mode De-com-po-si-tion, HODMD, HOSVD,
 []


Underfull \hbox (badness 10000) in paragraph at lines 115--117

 []

(/home/isacco/DELIVERABLE/NOTES/DELIVERABLE_1/revisionInfo.tex
Overfull \hbox (6.81523pt too wide) in paragraph at lines 15--15
[]|\T1/phv/b/n/12 Version| 
 []


Underfull \hbox (badness 10000) in paragraph at lines 24--24
[]|\T1/phv/b/n/12 Checked by WP
 []

)
Underfull \hbox (badness 10000) in paragraph at lines 24--119

 []

File: logos/ENCODING_icon.png Graphic file (type png)
<use logos/ENCODING_icon.png>
Package pdftex.def Info: logos/ENCODING_icon.png  used on input line 123.
(pdftex.def)             Requested size: 27.19844pt x 28.45274pt.
[3]
File: logos/ENCODING_icon.png Graphic file (type png)
<use logos/ENCODING_icon.png>
Package pdftex.def Info: logos/ENCODING_icon.png  used on input line 135.
(pdftex.def)             Requested size: 27.19844pt x 28.45274pt.
 [4] (/home/isacco/DELIVERABLE/NOTES/DELIVERABLE_1/main.toc)
\tf@toc=\write6
\openout6 = `main.toc'.

File: logos/ENCODING_icon.png Graphic file (type png)
<use logos/ENCODING_icon.png>
Package pdftex.def Info: logos/ENCODING_icon.png  used on input line 141.
(pdftex.def)             Requested size: 27.19844pt x 28.45274pt.
 [5]) (/home/isacco/DELIVERABLE/NOTES/DELIVERABLE_1/SECTIONS/Introduction.tex) (/home/isacco/DELIVERABLE/NOTES/DELIVERABLE_1/SECTIONS/coria_section.tex

Package hyperref Warning: Token not allowed in a PDF string (PDFDocEncoding):
(hyperref)                removing `math shift' on input line 1.


Package hyperref Warning: Token not allowed in a PDF string (PDFDocEncoding):
(hyperref)                removing `subscript' on input line 1.


Package hyperref Warning: Token not allowed in a PDF string (PDFDocEncoding):
(hyperref)                removing `math shift' on input line 1.


Package hyperref Warning: Token not allowed in a PDF string (PDFDocEncoding):
(hyperref)                removing `math shift' on input line 1.


Package hyperref Warning: Token not allowed in a PDF string (PDFDocEncoding):
(hyperref)                removing `subscript' on input line 1.


Package hyperref Warning: Token not allowed in a PDF string (PDFDocEncoding):
(hyperref)                removing `math shift' on input line 1.


Package hyperref Warning: Token not allowed in a PDF string (PDFDocEncoding):
(hyperref)                removing `math shift' on input line 4.


Package hyperref Warning: Token not allowed in a PDF string (PDFDocEncoding):
(hyperref)                removing `subscript' on input line 4.


Package hyperref Warning: Token not allowed in a PDF string (PDFDocEncoding):
(hyperref)                removing `math shift' on input line 4.


Package hyperref Warning: Token not allowed in a PDF string (PDFDocEncoding):
(hyperref)                removing `math shift' on input line 4.


Package hyperref Warning: Token not allowed in a PDF string (PDFDocEncoding):
(hyperref)                removing `subscript' on input line 4.


Package hyperref Warning: Token not allowed in a PDF string (PDFDocEncoding):
(hyperref)                removing `math shift' on input line 4.

<IMAGES/../IMAGES/DATASETS/coria_3snap.png, id=116, 721.2546pt x 346.1733pt>
File: IMAGES/../IMAGES/DATASETS/coria_3snap.png Graphic file (type png)
<use IMAGES/../IMAGES/DATASETS/coria_3snap.png>
Package pdftex.def Info: IMAGES/../IMAGES/DATASETS/coria_3snap.png  used on input line 14.
(pdftex.def)             Requested size: 386.96027pt x 185.72116pt.
File: logos/ENCODING_icon.png Graphic file (type png)
<use logos/ENCODING_icon.png>
Package pdftex.def Info: logos/ENCODING_icon.png  used on input line 18.
(pdftex.def)             Requested size: 27.19844pt x 28.45274pt.
[6]
File: logos/ENCODING_icon.png Graphic file (type png)
<use logos/ENCODING_icon.png>
Package pdftex.def Info: logos/ENCODING_icon.png  used on input line 37.
(pdftex.def)             Requested size: 27.19844pt x 28.45274pt.
 [7 </home/isacco/DELIVERABLE/NOTES/DELIVERABLE_1/IMAGES/../IMAGES/DATASETS/coria_3snap.png>]
File: logos/ENCODING_icon.png Graphic file (type png)
<use logos/ENCODING_icon.png>
Package pdftex.def Info: logos/ENCODING_icon.png  used on input line 77.
(pdftex.def)             Requested size: 27.19844pt x 28.45274pt.
 [8]
<IMAGES/../IMAGES/HODMD.png, id=155, 1413.28pt x 770.88pt>
File: IMAGES/../IMAGES/HODMD.png Graphic file (type png)
<use IMAGES/../IMAGES/HODMD.png>
Package pdftex.def Info: IMAGES/../IMAGES/HODMD.png  used on input line 97.
(pdftex.def)             Requested size: 386.96027pt x 211.06929pt.
File: logos/ENCODING_icon.png Graphic file (type png)
<use logos/ENCODING_icon.png>
Package pdftex.def Info: logos/ENCODING_icon.png  used on input line 108.
(pdftex.def)             Requested size: 27.19844pt x 28.45274pt.
 [9 </home/isacco/DELIVERABLE/NOTES/DELIVERABLE_1/IMAGES/../IMAGES/HODMD.png>]
File: logos/ENCODING_icon.png Graphic file (type png)
<use logos/ENCODING_icon.png>
Package pdftex.def Info: logos/ENCODING_icon.png  used on input line 138.
(pdftex.def)             Requested size: 27.19844pt x 28.45274pt.
 [10]
Overfull \hbox (22.37343pt too wide) in paragraph at lines 148--148
|\T1/phv/m/n/17.28 2.3 Frequency--Amplitude Spec-tra and as-so-ci-ated DMD modes| 
 []


LaTeX Warning: Reference `fig:spectrum_1500K' on page 11 undefined on input line 151.

<IMAGES/Frequency_amplitude_plot1200.png, id=181, 855.6768pt x 277.5168pt>
File: IMAGES/Frequency_amplitude_plot1200.png Graphic file (type png)
<use IMAGES/Frequency_amplitude_plot1200.png>
Package pdftex.def Info: IMAGES/Frequency_amplitude_plot1200.png  used on input line 161.
(pdftex.def)             Requested size: 455.24411pt x 147.6464pt.
<IMAGES/DMD_MODES_main_freqs_T1200/DMD_mode_St0.42.png, id=184, 711.1368pt x 130.5678pt>
File: IMAGES/DMD_MODES_main_freqs_T1200/DMD_mode_St0.42.png Graphic file (type png)
<use IMAGES/DMD_MODES_main_freqs_T1200/DMD_mode_St0.42.png>
Package pdftex.def Info: IMAGES/DMD_MODES_main_freqs_T1200/DMD_mode_St0.42.png  used on input line 174.
(pdftex.def)             Requested size: 218.51521pt x 40.11896pt.
<IMAGES/DMD_MODES_main_freqs_T1200/DMD_mode_St0.84.png, id=185, 711.1368pt x 130.5678pt>
File: IMAGES/DMD_MODES_main_freqs_T1200/DMD_mode_St0.84.png Graphic file (type png)
<use IMAGES/DMD_MODES_main_freqs_T1200/DMD_mode_St0.84.png>
Package pdftex.def Info: IMAGES/DMD_MODES_main_freqs_T1200/DMD_mode_St0.84.png  used on input line 181.
(pdftex.def)             Requested size: 218.51521pt x 40.11896pt.
<IMAGES/DMD_MODES_main_freqs_T1200/DMD_mode_St1.26.png, id=186, 711.1368pt x 130.5678pt>
File: IMAGES/DMD_MODES_main_freqs_T1200/DMD_mode_St1.26.png Graphic file (type png)
<use IMAGES/DMD_MODES_main_freqs_T1200/DMD_mode_St1.26.png>
Package pdftex.def Info: IMAGES/DMD_MODES_main_freqs_T1200/DMD_mode_St1.26.png  used on input line 188.
(pdftex.def)             Requested size: 218.51521pt x 40.11896pt.
<IMAGES/DMD_MODES_main_freqs_T1200/DMD_mode_St1.68.png, id=187, 711.1368pt x 130.5678pt>
File: IMAGES/DMD_MODES_main_freqs_T1200/DMD_mode_St1.68.png Graphic file (type png)
<use IMAGES/DMD_MODES_main_freqs_T1200/DMD_mode_St1.68.png>
Package pdftex.def Info: IMAGES/DMD_MODES_main_freqs_T1200/DMD_mode_St1.68.png  used on input line 195.
(pdftex.def)             Requested size: 218.51521pt x 40.11896pt.

LaTeX Warning: `!h' float specifier changed to `!ht'.

File: logos/ENCODING_icon.png Graphic file (type png)
<use logos/ENCODING_icon.png>
Package pdftex.def Info: logos/ENCODING_icon.png  used on input line 202.
(pdftex.def)             Requested size: 27.19844pt x 28.45274pt.
[11 </home/isacco/DELIVERABLE/NOTES/DELIVERABLE_1/IMAGES/Frequency_amplitude_plot1200.png>]
<IMAGES/Spectrum_1500K_d25_30_35_40_tol4e-02_5e-02.png, id=200, 854.7132pt x 277.035pt>
File: IMAGES/Spectrum_1500K_d25_30_35_40_tol4e-02_5e-02.png Graphic file (type png)
<use IMAGES/Spectrum_1500K_d25_30_35_40_tol4e-02_5e-02.png>
Package pdftex.def Info: IMAGES/Spectrum_1500K_d25_30_35_40_tol4e-02_5e-02.png  used on input line 211.
(pdftex.def)             Requested size: 455.24411pt x 147.55914pt.
<IMAGES/DMD_MODES_main_freqs_T1500/DMD_mode_St0.41.png, id=203, 715.473pt x 131.0496pt>
File: IMAGES/DMD_MODES_main_freqs_T1500/DMD_mode_St0.41.png Graphic file (type png)
<use IMAGES/DMD_MODES_main_freqs_T1500/DMD_mode_St0.41.png>
Package pdftex.def Info: IMAGES/DMD_MODES_main_freqs_T1500/DMD_mode_St0.41.png  used on input line 224.
(pdftex.def)             Requested size: 218.51521pt x 40.02306pt.
<IMAGES/DMD_MODES_main_freqs_T1500/DMD_mode_St0.81.png, id=204, 715.473pt x 131.0496pt>
File: IMAGES/DMD_MODES_main_freqs_T1500/DMD_mode_St0.81.png Graphic file (type png)
<use IMAGES/DMD_MODES_main_freqs_T1500/DMD_mode_St0.81.png>
Package pdftex.def Info: IMAGES/DMD_MODES_main_freqs_T1500/DMD_mode_St0.81.png  used on input line 231.
(pdftex.def)             Requested size: 218.51521pt x 40.02306pt.
<IMAGES/DMD_MODES_main_freqs_T1500/DMD_mode_St1.22.png, id=205, 715.473pt x 131.0496pt>
File: IMAGES/DMD_MODES_main_freqs_T1500/DMD_mode_St1.22.png Graphic file (type png)
<use IMAGES/DMD_MODES_main_freqs_T1500/DMD_mode_St1.22.png>
Package pdftex.def Info: IMAGES/DMD_MODES_main_freqs_T1500/DMD_mode_St1.22.png  used on input line 238.
(pdftex.def)             Requested size: 218.51521pt x 40.02306pt.
<IMAGES/DMD_MODES_main_freqs_T1500/DMD_mode_St1.47.png, id=206, 715.473pt x 131.0496pt>
File: IMAGES/DMD_MODES_main_freqs_T1500/DMD_mode_St1.47.png Graphic file (type png)
<use IMAGES/DMD_MODES_main_freqs_T1500/DMD_mode_St1.47.png>
Package pdftex.def Info: IMAGES/DMD_MODES_main_freqs_T1500/DMD_mode_St1.47.png  used on input line 245.
(pdftex.def)             Requested size: 218.51521pt x 40.02306pt.


LaTeX Warning: `!h' float specifier changed to `!ht'.

File: logos/ENCODING_icon.png Graphic file (type png)
<use logos/ENCODING_icon.png>
Package pdftex.def Info: logos/ENCODING_icon.png  used on input line 252.
(pdftex.def)             Requested size: 27.19844pt x 28.45274pt.
[12 </home/isacco/DELIVERABLE/NOTES/DELIVERABLE_1/IMAGES/DMD_MODES_main_freqs_T1200/DMD_mode_St0.42.png> </home/isacco/DELIVERABLE/NOTES/DELIVERABLE_1/IMAGES/DMD_MODES_main_freqs_T1200/DMD_mode_St0.84.png> </home/isacco/DELIVERABLE/NOTES/DELIVERABLE_1/IMAGES/DMD_MODES_main_freqs_T1200/DMD_mode_St1.26.png> </home/isacco/DELIVERABLE/NOTES/DELIVERABLE_1/IMAGES/DMD_MODES_main_freqs_T1200/DMD_mode_St1.68.png> </home/isacco/DELIVERABLE/NOTES/DELIVERABLE_1/IMAGES/Spectrum_1500K_d25_30_35_40_tol4e-02_5e-02.png>]
<IMAGES/DMD_MODES_main_freqs_T1500/DMD_mode_St0.20.png, id=222, 715.473pt x 131.0496pt>
File: IMAGES/DMD_MODES_main_freqs_T1500/DMD_mode_St0.20.png Graphic file (type png)
<use IMAGES/DMD_MODES_main_freqs_T1500/DMD_mode_St0.20.png>
Package pdftex.def Info: IMAGES/DMD_MODES_main_freqs_T1500/DMD_mode_St0.20.png  used on input line 260.
(pdftex.def)             Requested size: 218.51521pt x 40.02306pt.
<IMAGES/DMD_MODES_main_freqs_T1500/DMD_mode_St0.61.png, id=223, 715.473pt x 131.0496pt>
File: IMAGES/DMD_MODES_main_freqs_T1500/DMD_mode_St0.61.png Graphic file (type png)
<use IMAGES/DMD_MODES_main_freqs_T1500/DMD_mode_St0.61.png>
Package pdftex.def Info: IMAGES/DMD_MODES_main_freqs_T1500/DMD_mode_St0.61.png  used on input line 267.
(pdftex.def)             Requested size: 218.51521pt x 40.02306pt.
<IMAGES/DMD_MODES_main_freqs_T1500/DMD_mode_St1.01.png, id=224, 715.473pt x 131.0496pt>
File: IMAGES/DMD_MODES_main_freqs_T1500/DMD_mode_St1.01.png Graphic file (type png)
<use IMAGES/DMD_MODES_main_freqs_T1500/DMD_mode_St1.01.png>
Package pdftex.def Info: IMAGES/DMD_MODES_main_freqs_T1500/DMD_mode_St1.01.png  used on input line 274.
(pdftex.def)             Requested size: 218.51521pt x 40.02306pt.
<IMAGES/DMD_MODES_main_freqs_T1500/DMD_mode_St1.42.png, id=225, 715.473pt x 131.0496pt>
File: IMAGES/DMD_MODES_main_freqs_T1500/DMD_mode_St1.42.png Graphic file (type png)
<use IMAGES/DMD_MODES_main_freqs_T1500/DMD_mode_St1.42.png>
Package pdftex.def Info: IMAGES/DMD_MODES_main_freqs_T1500/DMD_mode_St1.42.png  used on input line 281.
(pdftex.def)             Requested size: 218.51521pt x 40.02306pt.
<IMAGES/Frequency_amplitude_plot1700.png, id=230, 855.6768pt x 277.5168pt>
File: IMAGES/Frequency_amplitude_plot1700.png Graphic file (type png)
<use IMAGES/Frequency_amplitude_plot1700.png>
Package pdftex.def Info: IMAGES/Frequency_amplitude_plot1700.png  used on input line 298.
(pdftex.def)             Requested size: 455.24411pt x 147.6464pt.


LaTeX Warning: `!h' float specifier changed to `!ht'.

File: logos/ENCODING_icon.png Graphic file (type png)
<use logos/ENCODING_icon.png>
Package pdftex.def Info: logos/ENCODING_icon.png  used on input line 302.
(pdftex.def)             Requested size: 27.19844pt x 28.45274pt.
[13 </home/isacco/DELIVERABLE/NOTES/DELIVERABLE_1/IMAGES/DMD_MODES_main_freqs_T1500/DMD_mode_St0.41.png> </home/isacco/DELIVERABLE/NOTES/DELIVERABLE_1/IMAGES/DMD_MODES_main_freqs_T1500/DMD_mode_St0.81.png> </home/isacco/DELIVERABLE/NOTES/DELIVERABLE_1/IMAGES/DMD_MODES_main_freqs_T1500/DMD_mode_St1.22.png> </home/isacco/DELIVERABLE/NOTES/DELIVERABLE_1/IMAGES/DMD_MODES_main_freqs_T1500/DMD_mode_St1.47.png> </home/isacco/DELIVERABLE/NOTES/DELIVERABLE_1/IMAGES/DMD_MODES_main_freqs_T1500/DMD_mode_St0.20.png> </home/isacco/DELIVERABLE/NOTES/DELIVERABLE_1/IMAGES/DMD_MODES_main_freqs_T1500/DMD_mode_St0.61.png> </home/isacco/DELIVERABLE/NOTES/DELIVERABLE_1/IMAGES/DMD_MODES_main_freqs_T1500/DMD_mode_St1.01.png> </home/isacco/DELIVERABLE/NOTES/DELIVERABLE_1/IMAGES/DMD_MODES_main_freqs_T1500/DMD_mode_St1.42.png>]
<IMAGES/DMD_MODES_main_freqs_T1700/DMD_mode_St0.41.png, id=247, 711.1368pt x 130.5678pt>
File: IMAGES/DMD_MODES_main_freqs_T1700/DMD_mode_St0.41.png Graphic file (type png)
<use IMAGES/DMD_MODES_main_freqs_T1700/DMD_mode_St0.41.png>
Package pdftex.def Info: IMAGES/DMD_MODES_main_freqs_T1700/DMD_mode_St0.41.png  used on input line 311.
(pdftex.def)             Requested size: 145.68144pt x 26.74664pt.
<IMAGES/DMD_MODES_main_freqs_T1700/DMD_mode_St0.82.png, id=248, 711.1368pt x 130.5678pt>
File: IMAGES/DMD_MODES_main_freqs_T1700/DMD_mode_St0.82.png Graphic file (type png)
<use IMAGES/DMD_MODES_main_freqs_T1700/DMD_mode_St0.82.png>
Package pdftex.def Info: IMAGES/DMD_MODES_main_freqs_T1700/DMD_mode_St0.82.png  used on input line 318.
(pdftex.def)             Requested size: 145.68144pt x 26.74664pt.
<IMAGES/DMD_MODES_main_freqs_T1700/DMD_mode_St1.23.png, id=249, 711.1368pt x 130.5678pt>
File: IMAGES/DMD_MODES_main_freqs_T1700/DMD_mode_St1.23.png Graphic file (type png)
<use IMAGES/DMD_MODES_main_freqs_T1700/DMD_mode_St1.23.png>
Package pdftex.def Info: IMAGES/DMD_MODES_main_freqs_T1700/DMD_mode_St1.23.png  used on input line 325.
(pdftex.def)             Requested size: 145.68144pt x 26.74664pt.
<IMAGES/DMD_MODES_main_freqs_T1700/DMD_mode_St0.11.png, id=250, 711.1368pt x 130.5678pt>
File: IMAGES/DMD_MODES_main_freqs_T1700/DMD_mode_St0.11.png Graphic file (type png)
<use IMAGES/DMD_MODES_main_freqs_T1700/DMD_mode_St0.11.png>
Package pdftex.def Info: IMAGES/DMD_MODES_main_freqs_T1700/DMD_mode_St0.11.png  used on input line 332.
(pdftex.def)             Requested size: 218.51521pt x 40.11896pt.
<IMAGES/DMD_MODES_main_freqs_T1700/DMD_mode_St0.19.png, id=251, 711.1368pt x 130.5678pt>
File: IMAGES/DMD_MODES_main_freqs_T1700/DMD_mode_St0.19.png Graphic file (type png)
<use IMAGES/DMD_MODES_main_freqs_T1700/DMD_mode_St0.19.png>
Package pdftex.def Info: IMAGES/DMD_MODES_main_freqs_T1700/DMD_mode_St0.19.png  used on input line 339.
(pdftex.def)             Requested size: 218.51521pt x 40.11896pt.
File: logos/ENCODING_icon.png Graphic file (type png)
<use logos/ENCODING_icon.png>
Package pdftex.def Info: logos/ENCODING_icon.png  used on input line 355.
(pdftex.def)             Requested size: 27.19844pt x 28.45274pt.
 [14 </home/isacco/DELIVERABLE/NOTES/DELIVERABLE_1/IMAGES/Frequency_amplitude_plot1700.png> </home/isacco/DELIVERABLE/NOTES/DELIVERABLE_1/IMAGES/DMD_MODES_main_freqs_T1700/DMD_mode_St0.41.png> </home/isacco/DELIVERABLE/NOTES/DELIVERABLE_1/IMAGES/DMD_MODES_main_freqs_T1700/DMD_mode_St0.82.png> </home/isacco/DELIVERABLE/NOTES/DELIVERABLE_1/IMAGES/DMD_MODES_main_freqs_T1700/DMD_mode_St1.23.png> </home/isacco/DELIVERABLE/NOTES/DELIVERABLE_1/IMAGES/DMD_MODES_main_freqs_T1700/DMD_mode_St0.11.png> </home/isacco/DELIVERABLE/NOTES/DELIVERABLE_1/IMAGES/DMD_MODES_main_freqs_T1700/DMD_mode_St0.19.png>]) (/home/isacco/DELIVERABLE/NOTES/DELIVERABLE_1/SECTIONS/ulb_section.tex
Overfull \hbox (11.92229pt too wide) in paragraph at lines 1--1
\T1/phv/m/n/24.88 ULB Hydrogen-Fuelled Flame-less Fur-nace| 
 []

File: logos/ENCODING_icon.png Graphic file (type png)
<use logos/ENCODING_icon.png>
Package pdftex.def Info: logos/ENCODING_icon.png  used on input line 19.
(pdftex.def)             Requested size: 27.19844pt x 28.45274pt.
[15]
<IMAGES/../IMAGES/DATASETS/ulb_burner.png, id=278, 1146.684pt x 640.794pt>
File: IMAGES/../IMAGES/DATASETS/ulb_burner.png Graphic file (type png)
<use IMAGES/../IMAGES/DATASETS/ulb_burner.png>
Package pdftex.def Info: IMAGES/../IMAGES/DATASETS/ulb_burner.png  used on input line 28.
(pdftex.def)             Requested size: 432.48051pt x 241.67581pt.
File: logos/ENCODING_icon.png Graphic file (type png)
<use logos/ENCODING_icon.png>
Package pdftex.def Info: logos/ENCODING_icon.png  used on input line 52.
(pdftex.def)             Requested size: 27.19844pt x 28.45274pt.
 [16 </home/isacco/DELIVERABLE/NOTES/DELIVERABLE_1/IMAGES/../IMAGES/DATASETS/ulb_burner.png>]
<IMAGES/../IMAGES/pipeline.png, id=291, 1703.36375pt x 930.47626pt>
File: IMAGES/../IMAGES/pipeline.png Graphic file (type png)
<use IMAGES/../IMAGES/pipeline.png>
Package pdftex.def Info: IMAGES/../IMAGES/pipeline.png  used on input line 75.
(pdftex.def)             Requested size: 364.19667pt x 198.94106pt.
<IMAGES/../IMAGES/horizontal_bar_comparison.png, id=294, 715.473pt x 570.2103pt>
File: IMAGES/../IMAGES/horizontal_bar_comparison.png Graphic file (type png)
<use IMAGES/../IMAGES/horizontal_bar_comparison.png>
Package pdftex.def Info: IMAGES/../IMAGES/horizontal_bar_comparison.png  used on input line 88.
(pdftex.def)             Requested size: 245.82875pt x 195.91359pt.

Overfull \hbox (21.70073pt too wide) in paragraph at lines 94--110
 [][] 
 []

File: logos/ENCODING_icon.png Graphic file (type png)
<use logos/ENCODING_icon.png>
Package pdftex.def Info: logos/ENCODING_icon.png  used on input line 117.
(pdftex.def)             Requested size: 27.19844pt x 28.45274pt.
[17 </home/isacco/DELIVERABLE/NOTES/DELIVERABLE_1/IMAGES/../IMAGES/pipeline.png (PNG copy)>]
File: logos/ENCODING_icon.png Graphic file (type png)
<use logos/ENCODING_icon.png>
Package pdftex.def Info: logos/ENCODING_icon.png  used on input line 117.
(pdftex.def)             Requested size: 27.19844pt x 28.45274pt.
 [18 </home/isacco/DELIVERABLE/NOTES/DELIVERABLE_1/IMAGES/../IMAGES/horizontal_bar_comparison.png>])
File: logos/ENCODING_icon.png Graphic file (type png)
<use logos/ENCODING_icon.png>
Package pdftex.def Info: logos/ENCODING_icon.png  used on input line 42.
(pdftex.def)             Requested size: 27.19844pt x 28.45274pt.
 [19] (/home/isacco/DELIVERABLE/NOTES/DELIVERABLE_1/main.bbl
Underfull \hbox (badness 1275) in paragraph at lines 11--15
[]\T1/phv/m/n/12 Adrián Cor-rochano, Giuseppe D'Alessio, Alessan-dro Par-ente, and Soledad
 []

) 
AED: lastpage setting LastPage
File: logos/ENCODING_icon.png Graphic file (type png)
<use logos/ENCODING_icon.png>
Package pdftex.def Info: logos/ENCODING_icon.png  used on input line 46.
(pdftex.def)             Requested size: 27.19844pt x 28.45274pt.
[20]
Package atveryend Info: Empty hook `BeforeClearDocument' on input line 46.
Package atveryend Info: Empty hook `AfterLastShipout' on input line 46.
 (/home/isacco/DELIVERABLE/NOTES/DELIVERABLE_1/main.aux)
Package atveryend Info: Executing hook `AtVeryEndDocument' on input line 46.
Package atveryend Info: Executing hook `AtEndAfterFileList' on input line 46.
Package rerunfilecheck Info: File `main.out' has not changed.
(rerunfilecheck)             Checksum: 87C379E04DF91E23006D13B807C59FA1;1282.


LaTeX Warning: There were undefined references.

Package atveryend Info: Empty hook `AtVeryVeryEnd' on input line 46.
 ) 
Here is how much of TeX's memory you used:
 24139 strings out of 481239
 432968 string characters out of 5920377
 695141 words of memory out of 5000000
 38763 multiletter control sequences out of 15000+600000
 589250 words of font info for 114 fonts, out of 8000000 for 9000
 1141 hyphenation exceptions out of 8191
 63i,15n,79p,1238b,617s stack positions out of 5000i,500n,10000p,200000b,80000s
{/usr/share/texlive/texmf-dist/fonts/enc/dvips/base/8r.enc}</usr/share/texlive/texmf-dist/fonts/type1/public/amsfonts/cm/cmbx12.pfb></usr/share/texlive/texmf-dist/fonts/type1/public/amsfonts/cm/cmex10.pfb></usr/share/texlive/texmf-dist/fonts/type1/public/amsfonts/cm/cmmi10.pfb></usr/share/texlive/texmf-dist/fonts/type1/public/amsfonts/cm/cmmi12.pfb></usr/share/texlive/texmf-dist/fonts/type1/public/amsfonts/cm/cmmi6.pfb></usr/share/texlive/texmf-dist/fonts/type1/public/amsfonts/cm/cmmi8.pfb></usr/share/texlive/texmf-dist/fonts/type1/public/amsfonts/cm/cmr10.pfb></usr/share/texlive/texmf-dist/fonts/type1/public/amsfonts/cm/cmr12.pfb></usr/share/texlive/texmf-dist/fonts/type1/public/amsfonts/cm/cmr17.pfb></usr/share/texlive/texmf-dist/fonts/type1/public/amsfonts/cm/cmr6.pfb></usr/share/texlive/texmf-dist/fonts/type1/public/amsfonts/cm/cmr8.pfb></usr/share/texlive/texmf-dist/fonts/type1/public/amsfonts/cm/cmsy10.pfb></usr/share/texlive/texmf-dist/fonts/type1/public/amsfonts/cm/cmsy8.pfb></usr/share/texlive/texmf-dist/fonts/type1/public/amsfonts/symbols/msbm10.pfb></usr/share/texlive/texmf-dist/fonts/type1/urw/helvetic/uhvb8a.pfb></usr/share/texlive/texmf-dist/fonts/type1/urw/helvetic/uhvr8a.pfb></usr/share/texlive/texmf-dist/fonts/type1/urw/helvetic/uhvro8a.pfb>
Output written on /home/isacco/DELIVERABLE/NOTES/DELIVERABLE_1/main.pdf (20 pages, 6147690 bytes).
PDF statistics:
 390 PDF objects out of 1000 (max. 8388607)
 291 compressed objects within 3 object streams
 67 named destinations out of 1000 (max. 500000)
 273 words of extra memory for PDF output out of 10000 (max. 10000000)

